// Jest Snapshot v1, https://goo.gl/fbAQLP

exports[`<Register /> renders the UI as expected 1`] = `
<form
  className="RegistrationForm"
  onSubmit={[Function]}
>
  <div
    role="alert"
  />
  <div
    className="first_name"
  >
    <label
      htmlFor="RegistrationForm__first_name"
    >
      First name: 
    </label>
    <input
      id="RegistrationForm__first_name"
      name="first_name"
      required={true}
      type="text"
    />
  </div>
  <div
    className="last_name"
  >
    <label
      htmlFor="RegistrationForm__last_name"
    >
      Last name: 
    </label>
    <input
      id="RegistrationForm__last_name"
      name="last_name"
      required={true}
      type="text"
    />
  </div>
  <div
    className="user_name"
  >
    <label
      htmlFor="RegistrationForm__user_name"
    >
      User name: 
    </label>
    <input
      id="RegistrationForm__user_name"
      name="user_name"
      required={true}
      type="text"
    />
  </div>
  <div
    className="password"
  >
    <label
      htmlFor="RegistrationForm__password"
    >
      Password: 
    </label>
    <input
      id="RegistrationForm__password"
      name="password"
      required={true}
      type="password"
    />
  </div>
  <button
    type="submit"
  >
    REGISTER
  </button>
</form>
`;
